ERROR: 2018/10/30 23:35:46 listing11.go:45: Something has failed
ERROR: 2018/10/30 23:35:56 listing11.go:45: Something has failed
